{
  "version": "1.5.0",
  "plugins_used": [
    {
      "name": "ArtifactoryDetector"
    },
    {
      "name": "AWSKeyDetector"
    },
    {
      "name": "AzureStorageKeyDetector"
    },
    {
      "name": "Base64HighEntropyString",
      "limit": 4.5
    },
    {
      "name": "BasicAuthDetector"
    },
    {
      "name": "CloudantDetector"
    },
    {
      "name": "DiscordBotTokenDetector"
    },
    {
      "name": "GitHubTokenDetector"
    },
    {
      "name": "GitLabTokenDetector"
    },
    {
      "name": "HexHighEntropyString",
      "limit": 3.0
    },
    {
      "name": "IbmCloudIamDetector"
    },
    {
      "name": "IbmCosHmacDetector"
    },
    {
      "name": "IPPublicDetector"
    },
    {
      "name": "JwtTokenDetector"
    },
    {
      "name": "KeywordDetector",
      "keyword_exclude": ""
    },
    {
      "name": "MailchimpDetector"
    },
    {
      "name": "NpmDetector"
    },
    {
      "name": "OpenAIDetector"
    },
    {
      "name": "PrivateKeyDetector"
    },
    {
      "name": "PypiTokenDetector"
    },
    {
      "name": "SendGridDetector"
    },
    {
      "name": "SlackDetector"
    },
    {
      "name": "SoftlayerDetector"
    },
    {
      "name": "SquareOAuthDetector"
    },
    {
      "name": "StripeDetector"
    },
    {
      "name": "TelegramBotTokenDetector"
    },
    {
      "name": "TwilioKeyDetector"
    }
  ],
  "filters_used": [
    {
      "path": "detect_secrets.filters.allowlist.is_line_allowlisted"
    },
    {
      "path": "detect_secrets.filters.common.is_baseline_file",
      "filename": ".secrets.baseline"
    },
    {
      "path": "detect_secrets.filters.common.is_ignored_due_to_verification_policies",
      "min_level": 2
    },
    {
      "path": "detect_secrets.filters.heuristic.is_indirect_reference"
    },
    {
      "path": "detect_secrets.filters.heuristic.is_likely_id_string"
    },
    {
      "path": "detect_secrets.filters.heuristic.is_lock_file"
    },
    {
      "path": "detect_secrets.filters.heuristic.is_not_alphanumeric_string"
    },
    {
      "path": "detect_secrets.filters.heuristic.is_potential_uuid"
    },
    {
      "path": "detect_secrets.filters.heuristic.is_prefixed_with_dollar_sign"
    },
    {
      "path": "detect_secrets.filters.heuristic.is_sequential_string"
    },
    {
      "path": "detect_secrets.filters.heuristic.is_swagger_file"
    },
    {
      "path": "detect_secrets.filters.heuristic.is_templated_secret"
    }
  ],
  "results": {
    "scripts/cake_tuning_baseline.py": [
      {
        "type": "Hex High Entropy String",
        "filename": "scripts/cake_tuning_baseline.py",
        "hashed_secret": "5088b28f9b1e3e2b41496e804f32315294204d7e",
        "is_verified": false,
        "line_number": 36
      }
    ],
    "scripts/phase220-matrix.yaml": [
      {
        "type": "Hex High Entropy String",
        "filename": "scripts/phase220-matrix.yaml",
        "hashed_secret": "1978ddf764ca1a3b743024cb74e169fd4cd4773b",
        "is_verified": false,
        "line_number": 5
      }
    ],
    "scripts/phase225-dscp-ingress-capture.sh": [
      {
        "type": "Base64 High Entropy String",
        "filename": "scripts/phase225-dscp-ingress-capture.sh",
        "hashed_secret": "e66ac62318dd2a370f94046a2c415172176eb32a",
        "is_verified": false,
        "line_number": 458
      }
    ],
    "scripts/phase226-thresholds.json": [
      {
        "type": "Hex High Entropy String",
        "filename": "scripts/phase226-thresholds.json",
        "hashed_secret": "8f89da02a6d5cf52b928f4ed78e697d7a6d02044",
        "is_verified": false,
        "line_number": 33
      }
    ],
    "scripts/phase243-thresholds.json": [
      {
        "type": "Hex High Entropy String",
        "filename": "scripts/phase243-thresholds.json",
        "hashed_secret": "2d2c1db5bed5364e5c562079bb97a9ff9a14e43f",
        "is_verified": false,
        "line_number": 23
      }
    ],
    "tests/steering/test_steering_daemon.py": [
      {
        "type": "Secret Keyword",
        "filename": "tests/steering/test_steering_daemon.py",
        "hashed_secret": "e5e9fa1ba31ecd1ae84f75caaa474f3a663f05f4",
        "is_verified": false,
        "line_number": 3175
      }
    ],
    "tests/test_check_cake.py": [
      {
        "type": "Secret Keyword",
        "filename": "tests/test_check_cake.py",
        "hashed_secret": "f2b14f68eb995facb3a1c35287b778d5bd785511",
        "is_verified": false,
        "line_number": 336
      },
      {
        "type": "Secret Keyword",
        "filename": "tests/test_check_cake.py",
        "hashed_secret": "6fc90443e986890cf8e6622fdd6d30d01eaa567a",
        "is_verified": false,
        "line_number": 346
      },
      {
        "type": "Secret Keyword",
        "filename": "tests/test_check_cake.py",
        "hashed_secret": "e5e9fa1ba31ecd1ae84f75caaa474f3a663f05f4",
        "is_verified": false,
        "line_number": 658
      }
    ],
    "tests/test_check_config.py": [
      {
        "type": "Secret Keyword",
        "filename": "tests/test_check_config.py",
        "hashed_secret": "e5e9fa1ba31ecd1ae84f75caaa474f3a663f05f4",
        "is_verified": false,
        "line_number": 74
      },
      {
        "type": "Secret Keyword",
        "filename": "tests/test_check_config.py",
        "hashed_secret": "d8bb04dddbecd3eb0eaa36481f878a4a60caeabc",
        "is_verified": false,
        "line_number": 427
      }
    ],
    "tests/test_phase227_marked_ef.py": [
      {
        "type": "Base64 High Entropy String",
        "filename": "tests/test_phase227_marked_ef.py",
        "hashed_secret": "2082029266829ab64d3e4708b4bf37f24c3075ab",
        "is_verified": false,
        "line_number": 73
      }
    ],
    "tests/test_router_client.py": [
      {
        "type": "Secret Keyword",
        "filename": "tests/test_router_client.py",
        "hashed_secret": "6f0f040920bced3bff173ef2ec76d9fedad129a9",
        "is_verified": false,
        "line_number": 785
      },
      {
        "type": "Secret Keyword",
        "filename": "tests/test_router_client.py",
        "hashed_secret": "34175c40a0112f36f4036c99623bec4a438e761d",
        "is_verified": false,
        "line_number": 797
      }
    ],
    "tests/test_routeros_rest.py": [
      {
        "type": "Secret Keyword",
        "filename": "tests/test_routeros_rest.py",
        "hashed_secret": "c45182ea11447de56072a908d1d8b802722a7a3a",
        "is_verified": false,
        "line_number": 234
      }
    ]
  },
  "generated_at": "2026-08-19T09:04:40Z"
}
